1779867600.826906 client started (81156): version 3.6a, socket /private/tmp/tmux-501/default, protocol 8
1779867600.826964 on Darwin 25.4.0 Darwin Kernel Version 25.4.0: Thu Mar 19 19:32:36 PDT 2026; root:xnu-12377.101.15~1/RELEASE_ARM64_T8103
1779867600.826970 using libevent 2.1.12-stable select
1779867600.827203 using utf8proc 2.11.3
1779867600.827210 using ncurses 6.6 20251230
1779867600.827221 flags are 0x10010000
1779867600.827225 socket is /private/tmp/tmux-501/default
1779867600.827233 trying connect
1779867600.827256 add peer 0x1038d20b0: 6 (0x0)
1779867600.828799 sending message 111 to peer 0x1038d20b0 (8 bytes)
1779867600.828808 sending message 111 to peer 0x1038d20b0 (8 bytes)
1779867600.828812 sending message 101 to peer 0x1038d20b0 (14 bytes)
1779867600.828817 sending message 109 to peer 0x1038d20b0 (4 bytes)
1779867600.828821 sending message 102 to peer 0x1038d20b0 (13 bytes)
1779867600.828825 sending message 108 to peer 0x1038d20b0 (30 bytes)
1779867600.828829 sending message 112 to peer 0x1038d20b0 (70 bytes)
1779867600.828832 sending message 112 to peer 0x1038d20b0 (5 bytes)
1779867600.828838 sending message 112 to peer 0x1038d20b0 (5 bytes)
1779867600.828842 sending message 112 to peer 0x1038d20b0 (6 bytes)
1779867600.828846 sending message 112 to peer 0x1038d20b0 (6 bytes)
1779867600.828850 sending message 112 to peer 0x1038d20b0 (11 bytes)
1779867600.828854 sending message 112 to peer 0x1038d20b0 (10 bytes)
1779867600.828858 sending message 112 to peer 0x1038d20b0 (13 bytes)
1779867600.828862 sending message 112 to peer 0x1038d20b0 (13 bytes)
1779867600.828866 sending message 112 to peer 0x1038d20b0 (18 bytes)
1779867600.828870 sending message 112 to peer 0x1038d20b0 (11 bytes)
1779867600.828874 sending message 112 to peer 0x1038d20b0 (10 bytes)
1779867600.828877 sending message 112 to peer 0x1038d20b0 (15 bytes)
1779867600.828881 sending message 112 to peer 0x1038d20b0 (21 bytes)
1779867600.828884 sending message 112 to peer 0x1038d20b0 (13 bytes)
1779867600.828888 sending message 112 to peer 0x1038d20b0 (7 bytes)
1779867600.828891 sending message 112 to peer 0x1038d20b0 (13 bytes)
1779867600.828895 sending message 112 to peer 0x1038d20b0 (7 bytes)
1779867600.828899 sending message 112 to peer 0x1038d20b0 (13 bytes)
1779867600.828902 sending message 112 to peer 0x1038d20b0 (9 bytes)
1779867600.828906 sending message 112 to peer 0x1038d20b0 (21 bytes)
1779867600.828910 sending message 112 to peer 0x1038d20b0 (13 bytes)
1779867600.828913 sending message 112 to peer 0x1038d20b0 (8 bytes)
1779867600.828917 sending message 112 to peer 0x1038d20b0 (12 bytes)
1779867600.828921 sending message 112 to peer 0x1038d20b0 (13 bytes)
1779867600.828925 sending message 112 to peer 0x1038d20b0 (9 bytes)
1779867600.828930 sending message 112 to peer 0x1038d20b0 (9 bytes)
1779867600.828934 sending message 112 to peer 0x1038d20b0 (12 bytes)
1779867600.828937 sending message 112 to peer 0x1038d20b0 (8 bytes)
1779867600.828941 sending message 112 to peer 0x1038d20b0 (7 bytes)
1779867600.828945 sending message 112 to peer 0x1038d20b0 (7 bytes)
1779867600.828948 sending message 112 to peer 0x1038d20b0 (9 bytes)
1779867600.828951 sending message 112 to peer 0x1038d20b0 (13 bytes)
1779867600.828955 sending message 112 to peer 0x1038d20b0 (6 bytes)
1779867600.828959 sending message 112 to peer 0x1038d20b0 (9 bytes)
1779867600.828962 sending message 112 to peer 0x1038d20b0 (13 bytes)
1779867600.828966 sending message 112 to peer 0x1038d20b0 (12 bytes)
1779867600.828969 sending message 112 to peer 0x1038d20b0 (8 bytes)
1779867600.828973 sending message 112 to peer 0x1038d20b0 (9 bytes)
1779867600.828976 sending message 112 to peer 0x1038d20b0 (10 bytes)
1779867600.828980 sending message 112 to peer 0x1038d20b0 (10 bytes)
1779867600.828983 sending message 112 to peer 0x1038d20b0 (10 bytes)
1779867600.828987 sending message 112 to peer 0x1038d20b0 (10 bytes)
1779867600.828990 sending message 112 to peer 0x1038d20b0 (11 bytes)
1779867600.828994 sending message 112 to peer 0x1038d20b0 (10 bytes)
1779867600.828997 sending message 112 to peer 0x1038d20b0 (8 bytes)
1779867600.829005 sending message 112 to peer 0x1038d20b0 (11 bytes)
1779867600.829008 sending message 112 to peer 0x1038d20b0 (11 bytes)
1779867600.829011 sending message 112 to peer 0x1038d20b0 (11 bytes)
1779867600.829014 sending message 112 to peer 0x1038d20b0 (8 bytes)
1779867600.829017 sending message 112 to peer 0x1038d20b0 (8 bytes)
1779867600.829020 sending message 112 to peer 0x1038d20b0 (8 bytes)
1779867600.829022 sending message 112 to peer 0x1038d20b0 (10 bytes)
1779867600.829025 sending message 112 to peer 0x1038d20b0 (10 bytes)
1779867600.829028 sending message 112 to peer 0x1038d20b0 (10 bytes)
1779867600.829031 sending message 112 to peer 0x1038d20b0 (10 bytes)
1779867600.829034 sending message 112 to peer 0x1038d20b0 (10 bytes)
1779867600.829037 sending message 112 to peer 0x1038d20b0 (11 bytes)
1779867600.829039 sending message 112 to peer 0x1038d20b0 (11 bytes)
1779867600.829042 sending message 112 to peer 0x1038d20b0 (10 bytes)
1779867600.829045 sending message 112 to peer 0x1038d20b0 (9 bytes)
1779867600.829050 sending message 112 to peer 0x1038d20b0 (9 bytes)
1779867600.829055 sending message 112 to peer 0x1038d20b0 (12 bytes)
1779867600.829057 sending message 112 to peer 0x1038d20b0 (9 bytes)
1779867600.829061 sending message 112 to peer 0x1038d20b0 (6 bytes)
1779867600.829064 sending message 112 to peer 0x1038d20b0 (8 bytes)
1779867600.829067 sending message 112 to peer 0x1038d20b0 (15 bytes)
1779867600.829070 sending message 112 to peer 0x1038d20b0 (13 bytes)
1779867600.829073 sending message 112 to peer 0x1038d20b0 (9 bytes)
1779867600.829077 sending message 112 to peer 0x1038d20b0 (70 bytes)
1779867600.829081 sending message 112 to peer 0x1038d20b0 (69 bytes)
1779867600.829085 sending message 112 to peer 0x1038d20b0 (10 bytes)
1779867600.829088 sending message 112 to peer 0x1038d20b0 (10 bytes)
1779867600.829092 sending message 112 to peer 0x1038d20b0 (8 bytes)
1779867600.829095 sending message 112 to peer 0x1038d20b0 (15 bytes)
1779867600.829098 sending message 112 to peer 0x1038d20b0 (13 bytes)
1779867600.829100 sending message 112 to peer 0x1038d20b0 (10 bytes)
1779867600.829104 sending message 112 to peer 0x1038d20b0 (10 bytes)
1779867600.829107 sending message 112 to peer 0x1038d20b0 (13 bytes)
1779867600.829110 sending message 112 to peer 0x1038d20b0 (9 bytes)
1779867600.829113 sending message 112 to peer 0x1038d20b0 (5 bytes)
1779867600.829116 sending message 112 to peer 0x1038d20b0 (5 bytes)
1779867600.829121 sending message 104 to peer 0x1038d20b0 (0 bytes)
1779867600.829124 sending message 110 to peer 0x1038d20b0 (0 bytes)
1779867600.829127 sending message 107 to peer 0x1038d20b0 (4 bytes)
1779867600.829130 sending message 105 to peer 0x1038d20b0 (15 bytes)
1779867600.829134 sending message 105 to peer 0x1038d20b0 (15 bytes)
1779867600.829138 sending message 105 to peer 0x1038d20b0 (21 bytes)
1779867600.829142 sending message 105 to peer 0x1038d20b0 (20 bytes)
1779867600.829146 sending message 105 to peer 0x1038d20b0 (123 bytes)
1779867600.829150 sending message 105 to peer 0x1038d20b0 (14 bytes)
1779867600.829154 sending message 105 to peer 0x1038d20b0 (66 bytes)
1779867600.829158 sending message 105 to peer 0x1038d20b0 (26 bytes)
1779867600.829162 sending message 105 to peer 0x1038d20b0 (44 bytes)
1779867600.829165 sending message 105 to peer 0x1038d20b0 (43 bytes)
1779867600.829169 sending message 105 to peer 0x1038d20b0 (1591 bytes)
1779867600.829172 sending message 105 to peer 0x1038d20b0 (42 bytes)
1779867600.829176 sending message 105 to peer 0x1038d20b0 (62 bytes)
1779867600.829179 sending message 105 to peer 0x1038d20b0 (64 bytes)
1779867600.829182 sending message 105 to peer 0x1038d20b0 (18 bytes)
1779867600.829185 sending message 105 to peer 0x1038d20b0 (34 bytes)
1779867600.829189 sending message 105 to peer 0x1038d20b0 (30 bytes)
1779867600.829192 sending message 105 to peer 0x1038d20b0 (16 bytes)
1779867600.829196 sending message 105 to peer 0x1038d20b0 (12 bytes)
1779867600.829200 sending message 105 to peer 0x1038d20b0 (16 bytes)
1779867600.829204 sending message 105 to peer 0x1038d20b0 (34 bytes)
1779867600.829214 sending message 105 to peer 0x1038d20b0 (96 bytes)
1779867600.829218 sending message 105 to peer 0x1038d20b0 (18 bytes)
1779867600.829222 sending message 105 to peer 0x1038d20b0 (115 bytes)
1779867600.829225 sending message 105 to peer 0x1038d20b0 (35 bytes)
1779867600.829228 sending message 105 to peer 0x1038d20b0 (60 bytes)
1779867600.829232 sending message 105 to peer 0x1038d20b0 (15 bytes)
1779867600.829235 sending message 105 to peer 0x1038d20b0 (24 bytes)
1779867600.829239 sending message 105 to peer 0x1038d20b0 (22 bytes)
1779867600.829242 sending message 105 to peer 0x1038d20b0 (22 bytes)
1779867600.829246 sending message 105 to peer 0x1038d20b0 (17 bytes)
1779867600.829249 sending message 105 to peer 0x1038d20b0 (23 bytes)
1779867600.829252 sending message 105 to peer 0x1038d20b0 (53 bytes)
1779867600.829256 sending message 105 to peer 0x1038d20b0 (13 bytes)
1779867600.829259 sending message 105 to peer 0x1038d20b0 (53 bytes)
1779867600.829263 sending message 105 to peer 0x1038d20b0 (29 bytes)
1779867600.829266 sending message 105 to peer 0x1038d20b0 (18 bytes)
1779867600.829270 sending message 105 to peer 0x1038d20b0 (18 bytes)
1779867600.829273 sending message 105 to peer 0x1038d20b0 (28 bytes)
1779867600.829276 sending message 105 to peer 0x1038d20b0 (57 bytes)
1779867600.829280 sending message 105 to peer 0x1038d20b0 (22 bytes)
1779867600.829283 sending message 105 to peer 0x1038d20b0 (22 bytes)
1779867600.829287 sending message 105 to peer 0x1038d20b0 (62 bytes)
1779867600.829290 sending message 105 to peer 0x1038d20b0 (60 bytes)
1779867600.829293 sending message 105 to peer 0x1038d20b0 (30 bytes)
1779867600.829298 sending message 105 to peer 0x1038d20b0 (49 bytes)
1779867600.829302 sending message 105 to peer 0x1038d20b0 (123 bytes)
1779867600.829306 sending message 105 to peer 0x1038d20b0 (19 bytes)
1779867600.829310 sending message 105 to peer 0x1038d20b0 (15 bytes)
1779867600.829314 sending message 105 to peer 0x1038d20b0 (14 bytes)
1779867600.829318 sending message 105 to peer 0x1038d20b0 (37 bytes)
1779867600.829322 sending message 105 to peer 0x1038d20b0 (8 bytes)
1779867600.829325 sending message 105 to peer 0x1038d20b0 (16 bytes)
1779867600.829328 sending message 105 to peer 0x1038d20b0 (21 bytes)
1779867600.829332 sending message 105 to peer 0x1038d20b0 (14 bytes)
1779867600.829335 sending message 105 to peer 0x1038d20b0 (70 bytes)
1779867600.829339 sending message 105 to peer 0x1038d20b0 (19 bytes)
1779867600.829342 sending message 105 to peer 0x1038d20b0 (162 bytes)
1779867600.829346 sending message 105 to peer 0x1038d20b0 (17 bytes)
1779867600.829349 sending message 105 to peer 0x1038d20b0 (34 bytes)
1779867600.829353 sending message 105 to peer 0x1038d20b0 (115 bytes)
1779867600.829356 sending message 105 to peer 0x1038d20b0 (516 bytes)
1779867600.829360 sending message 105 to peer 0x1038d20b0 (57 bytes)
1779867600.829363 sending message 105 to peer 0x1038d20b0 (29 bytes)
1779867600.829367 sending message 105 to peer 0x1038d20b0 (128 bytes)
1779867600.829370 sending message 105 to peer 0x1038d20b0 (53 bytes)
1779867600.829373 sending message 105 to peer 0x1038d20b0 (27 bytes)
1779867600.829377 sending message 105 to peer 0x1038d20b0 (38 bytes)
1779867600.829380 sending message 105 to peer 0x1038d20b0 (18 bytes)
1779867600.829384 sending message 106 to peer 0x1038d20b0 (0 bytes)
1779867600.829422 sending message 200 to peer 0x1038d20b0 (4 bytes)
1779867600.829426 client loop enter
1779867600.829540 peer 0x1038d20b0 message 303
1779867600.829546 open write file 2 -
1779867600.829554 sending message 305 to peer 0x1038d20b0 (8 bytes)
1779867600.829563 write check file 2
1779867600.829576 peer 0x1038d20b0 message 304
1779867600.829580 write 58 to file 2
1779867600.829583 peer 0x1038d20b0 message 203
1779867600.829587 file 2 58 bytes left
1779867600.829596 write check file 2
1779867600.829599 client loop exit
